This is pdfTeX, Version 3.141592653-2.6-1.40.25 (TeX Live 2023/Debian) (preloaded format=pdflatex 2026.8.21)  21 AUG 2026 04:54
entering extended mode
 restricted \write18 enabled.
 %&-line parsing enabled.
**utr24.tex
(./utr24.tex
LaTeX2e <2023-11-01> patch level 1
L3 programming layer <2024-01-22>
(/usr/share/texlive/texmf-dist/tex/latex/base/article.cls
Document Class: article 2023/05/17 v1.4n Standard LaTeX document class
(/usr/share/texlive/texmf-dist/tex/latex/base/size12.clo
File: size12.clo 2023/05/17 v1.4n Standard LaTeX file (size option)
)
\c@part=\count187
\c@section=\count188
\c@subsection=\count189
\c@subsubsection=\count190
\c@paragraph=\count191
\c@subparagraph=\count192
\c@figure=\count193
\c@table=\count194
\abovecaptionskip=\skip48
\belowcaptionskip=\skip49
\bibindent=\dimen140
)
(/usr/share/texlive/texmf-dist/tex/latex/base/fontenc.sty
Package: fontenc 2021/04/29 v2.0v Standard LaTeX package
)
(/usr/share/texlive/texmf-dist/tex/latex/base/inputenc.sty
Package: inputenc 2021/02/14 v1.3d Input encoding file
\inpenc@prehook=\toks17
\inpenc@posthook=\toks18
)
(/usr/share/texlive/texmf-dist/tex/latex/graphics/graphicx.sty
Package: graphicx 2021/09/16 v1.2d Enhanced LaTeX Graphics (DPC,SPQR)

(/usr/share/texlive/texmf-dist/tex/latex/graphics/keyval.sty
Package: keyval 2022/05/29 v1.15 key=value parser (DPC)
\KV@toks@=\toks19
)
(/usr/share/texlive/texmf-dist/tex/latex/graphics/graphics.sty
Package: graphics 2022/03/10 v1.4e Standard LaTeX Graphics (DPC,SPQR)

(/usr/share/texlive/texmf-dist/tex/latex/graphics/trig.sty
Package: trig 2021/08/11 v1.11 sin cos tan (DPC)
)
(/usr/share/texlive/texmf-dist/tex/latex/graphics-cfg/graphics.cfg
File: graphics.cfg 2016/06/04 v1.11 sample graphics configuration
)
Package graphics Info: Driver file: pdftex.def on input line 107.

(/usr/share/texlive/texmf-dist/tex/latex/graphics-def/pdftex.def
File: pdftex.def 2022/09/22 v1.2b Graphics/color driver for pdftex
))
\Gin@req@height=\dimen141
\Gin@req@width=\dimen142
)
(/usr/share/texlive/texmf-dist/tex/latex/hyperref/hyperref.sty
Package: hyperref 2024-01-20 v7.01h Hypertext links for LaTeX

(/usr/share/texlive/texmf-dist/tex/generic/iftex/iftex.sty
Package: iftex 2022/02/03 v1.0f TeX engine tests
)
(/usr/share/texlive/texmf-dist/tex/latex/kvsetkeys/kvsetkeys.sty
Package: kvsetkeys 2022-10-05 v1.19 Key value parser (HO)
)
(/usr/share/texlive/texmf-dist/tex/generic/kvdefinekeys/kvdefinekeys.sty
Package: kvdefinekeys 2019-12-19 v1.6 Define keys (HO)
)
(/usr/share/texlive/texmf-dist/tex/generic/pdfescape/pdfescape.sty
Package: pdfescape 2019/12/09 v1.15 Implements pdfTeX's escape features (HO)

(/usr/share/texlive/texmf-dist/tex/generic/ltxcmds/ltxcmds.sty
Package: ltxcmds 2023-12-04 v1.26 LaTeX kernel commands for general use (HO)
)
(/usr/share/texlive/texmf-dist/tex/generic/pdftexcmds/pdftexcmds.sty
Package: pdftexcmds 2020-06-27 v0.33 Utility functions of pdfTeX for LuaTeX (HO
)

(/usr/share/texlive/texmf-dist/tex/generic/infwarerr/infwarerr.sty
Package: infwarerr 2019/12/03 v1.5 Providing info/warning/error messages (HO)
)
Package pdftexcmds Info: \pdf@primitive is available.
Package pdftexcmds Info: \pdf@ifprimitive is available.
Package pdftexcmds Info: \pdfdraftmode found.
))
(/usr/share/texlive/texmf-dist/tex/latex/hycolor/hycolor.sty
Package: hycolor 2020-01-27 v1.10 Color options for hyperref/bookmark (HO)
)
(/usr/share/texlive/texmf-dist/tex/latex/auxhook/auxhook.sty
Package: auxhook 2019-12-17 v1.6 Hooks for auxiliary files (HO)
)
(/usr/share/texlive/texmf-dist/tex/latex/hyperref/nameref.sty
Package: nameref 2023-11-26 v2.56 Cross-referencing by name of section

(/usr/share/texlive/texmf-dist/tex/latex/refcount/refcount.sty
Package: refcount 2019/12/15 v3.6 Data extraction from label references (HO)
)
(/usr/share/texlive/texmf-dist/tex/generic/gettitlestring/gettitlestring.sty
Package: gettitlestring 2019/12/15 v1.6 Cleanup title references (HO)

(/usr/share/texlive/texmf-dist/tex/latex/kvoptions/kvoptions.sty
Package: kvoptions 2022-06-15 v3.15 Key value format for package options (HO)
))
\c@section@level=\count195
)
(/usr/share/texlive/texmf-dist/tex/latex/etoolbox/etoolbox.sty
Package: etoolbox 2020/10/05 v2.5k e-TeX tools for LaTeX (JAW)
\etb@tempcnta=\count196
)
\@linkdim=\dimen143
\Hy@linkcounter=\count197
\Hy@pagecounter=\count198

(/usr/share/texlive/texmf-dist/tex/latex/hyperref/pd1enc.def
File: pd1enc.def 2024-01-20 v7.01h Hyperref: PDFDocEncoding definition (HO)
Now handling font encoding PD1 ...
... no UTF-8 mapping file for font encoding PD1
)
(/usr/share/texlive/texmf-dist/tex/generic/intcalc/intcalc.sty
Package: intcalc 2019/12/15 v1.3 Expandable calculations with integers (HO)
)
\Hy@SavedSpaceFactor=\count199

(/usr/share/texlive/texmf-dist/tex/latex/hyperref/puenc.def
File: puenc.def 2024-01-20 v7.01h Hyperref: PDF Unicode definition (HO)
Now handling font encoding PU ...
... no UTF-8 mapping file for font encoding PU
)
Package hyperref Info: Hyper figures OFF on input line 4179.
Package hyperref Info: Link nesting OFF on input line 4184.
Package hyperref Info: Hyper index ON on input line 4187.
Package hyperref Info: Plain pages OFF on input line 4194.
Package hyperref Info: Backreferencing OFF on input line 4199.
Package hyperref Info: Implicit mode ON; LaTeX internals redefined.
Package hyperref Info: Bookmarks ON on input line 4446.
\c@Hy@tempcnt=\count266

(/usr/share/texlive/texmf-dist/tex/latex/url/url.sty
\Urlmuskip=\muskip16
Package: url 2013/09/16  ver 3.4  Verb mode for urls, etc.
)
LaTeX Info: Redefining \url on input line 4784.
\XeTeXLinkMargin=\dimen144

(/usr/share/texlive/texmf-dist/tex/generic/bitset/bitset.sty
Package: bitset 2019/12/09 v1.3 Handle bit-vector datatype (HO)

(/usr/share/texlive/texmf-dist/tex/generic/bigintcalc/bigintcalc.sty
Package: bigintcalc 2019/12/15 v1.5 Expandable calculations on big integers (HO
)
))
\Fld@menulength=\count267
\Field@Width=\dimen145
\Fld@charsize=\dimen146
Package hyperref Info: Hyper figures OFF on input line 6063.
Package hyperref Info: Link nesting OFF on input line 6068.
Package hyperref Info: Hyper index ON on input line 6071.
Package hyperref Info: backreferencing OFF on input line 6078.
Package hyperref Info: Link coloring OFF on input line 6083.
Package hyperref Info: Link coloring with OCG OFF on input line 6088.
Package hyperref Info: PDF/A mode OFF on input line 6093.

(/usr/share/texlive/texmf-dist/tex/latex/base/atbegshi-ltx.sty
Package: atbegshi-ltx 2021/01/10 v1.0c Emulation of the original atbegshi
package with kernel methods
)
\Hy@abspage=\count268
\c@Item=\count269
\c@Hfootnote=\count270
)
Package hyperref Info: Driver (autodetected): hpdftex.

(/usr/share/texlive/texmf-dist/tex/latex/hyperref/hpdftex.def
File: hpdftex.def 2024-01-20 v7.01h Hyperref driver for pdfTeX

(/usr/share/texlive/texmf-dist/tex/latex/base/atveryend-ltx.sty
Package: atveryend-ltx 2020/08/19 v1.0a Emulation of the original atveryend pac
kage
with kernel methods
)
\Fld@listcount=\count271
\c@bookmark@seq@number=\count272

(/usr/share/texlive/texmf-dist/tex/latex/rerunfilecheck/rerunfilecheck.sty
Package: rerunfilecheck 2022-07-10 v1.10 Rerun checks for auxiliary files (HO)

(/usr/share/texlive/texmf-dist/tex/generic/uniquecounter/uniquecounter.sty
Package: uniquecounter 2019/12/15 v1.4 Provide unlimited unique counter (HO)
)
Package uniquecounter Info: New unique counter `rerunfilecheck' on input line 2
85.
)
\Hy@SectionHShift=\skip50
)
(/usr/share/texlive/texmf-dist/tex/latex/xcolor/xcolor.sty
Package: xcolor 2023/11/15 v3.01 LaTeX color extensions (UK)

(/usr/share/texlive/texmf-dist/tex/latex/graphics-cfg/color.cfg
File: color.cfg 2016/01/02 v1.6 sample color configuration
)
Package xcolor Info: Driver file: pdftex.def on input line 274.

(/usr/share/texlive/texmf-dist/tex/latex/graphics/mathcolor.ltx)
Package xcolor Info: Model `cmy' substituted by `cmy0' on input line 1350.
Package xcolor Info: Model `hsb' substituted by `rgb' on input line 1354.
Package xcolor Info: Model `RGB' extended on input line 1366.
Package xcolor Info: Model `HTML' substituted by `rgb' on input line 1368.
Package xcolor Info: Model `Hsb' substituted by `hsb' on input line 1369.
Package xcolor Info: Model `tHsb' substituted by `hsb' on input line 1370.
Package xcolor Info: Model `HSB' substituted by `hsb' on input line 1371.
Package xcolor Info: Model `Gray' substituted by `gray' on input line 1372.
Package xcolor Info: Model `wave' substituted by `hsb' on input line 1373.
)
(/usr/share/texlive/texmf-dist/tex/latex/fancyvrb/fancyvrb.sty
Package: fancyvrb 2024/01/20 4.5c verbatim text (tvz,hv)
\FV@CodeLineNo=\count273
\FV@InFile=\read2
\FV@TabBox=\box51
\c@FancyVerbLine=\count274
\FV@StepNumber=\count275
\FV@OutFile=\write3
)
(/usr/share/texlive/texmf-dist/tex/latex/booktabs/booktabs.sty
Package: booktabs 2020/01/12 v1.61803398 Publication quality tables
\heavyrulewidth=\dimen147
\lightrulewidth=\dimen148
\cmidrulewidth=\dimen149
\belowrulesep=\dimen150
\belowbottomsep=\dimen151
\aboverulesep=\dimen152
\abovetopsep=\dimen153
\cmidrulesep=\dimen154
\cmidrulekern=\dimen155
\defaultaddspace=\dimen156
\@cmidla=\count276
\@cmidlb=\count277
\@aboverulesep=\dimen157
\@belowrulesep=\dimen158
\@thisruleclass=\count278
\@lastruleclass=\count279
\@thisrulewidth=\dimen159
)
(/usr/share/texlive/texmf-dist/tex/latex/tools/longtable.sty
Package: longtable 2023-11-01 v4.19 Multi-page Table package (DPC)
\LTleft=\skip51
\LTright=\skip52
\LTpre=\skip53
\LTpost=\skip54
\LTchunksize=\count280
\LTcapwidth=\dimen160
\LT@head=\box52
\LT@firsthead=\box53
\LT@foot=\box54
\LT@lastfoot=\box55
\LT@gbox=\box56
\LT@cols=\count281
\LT@rows=\count282
\c@LT@tables=\count283
\c@LT@chunks=\count284
\LT@p@ftn=\toks20
)
(/usr/share/texlive/texmf-dist/tex/latex/multirow/multirow.sty
Package: multirow 2021/03/15 v2.8 Span multiple rows of a table
\multirow@colwidth=\skip55
\multirow@cntb=\count285
\multirow@dima=\skip56
\bigstrutjot=\dimen161
)
Package hyperref Info: Option `colorlinks' set `true' on input line 12.

(/usr/share/texlive/texmf-dist/tex/latex/l3backend/l3backend-pdftex.def
File: l3backend-pdftex.def 2024-01-04 L3 backend support: PDF output (pdfTeX)
\l__color_backend_stack_int=\count286
\l__pdf_internal_box=\box57
)
(./utr24.aux)
\openout1 = `utr24.aux'.

LaTeX Font Info:    Checking defaults for OML/cmm/m/it on input line 13.
LaTeX Font Info:    ... okay on input line 13.
LaTeX Font Info:    Checking defaults for OMS/cmsy/m/n on input line 13.
LaTeX Font Info:    ... okay on input line 13.
LaTeX Font Info:    Checking defaults for OT1/cmr/m/n on input line 13.
LaTeX Font Info:    ... okay on input line 13.
LaTeX Font Info:    Checking defaults for T1/cmr/m/n on input line 13.
LaTeX Font Info:    ... okay on input line 13.
LaTeX Font Info:    Checking defaults for TS1/cmr/m/n on input line 13.
LaTeX Font Info:    ... okay on input line 13.
LaTeX Font Info:    Checking defaults for OMX/cmex/m/n on input line 13.
LaTeX Font Info:    ... okay on input line 13.
LaTeX Font Info:    Checking defaults for U/cmr/m/n on input line 13.
LaTeX Font Info:    ... okay on input line 13.
LaTeX Font Info:    Checking defaults for PD1/pdf/m/n on input line 13.
LaTeX Font Info:    ... okay on input line 13.
LaTeX Font Info:    Checking defaults for PU/pdf/m/n on input line 13.
LaTeX Font Info:    ... okay on input line 13.

(/usr/share/texlive/texmf-dist/tex/context/base/mkii/supp-pdf.mkii
[Loading MPS to PDF converter (version 2006.09.02).]
\scratchcounter=\count287
\scratchdimen=\dimen162
\scratchbox=\box58
\nofMPsegments=\count288
\nofMParguments=\count289
\everyMPshowfont=\toks21
\MPscratchCnt=\count290
\MPscratchDim=\dimen163
\MPnumerator=\count291
\makeMPintoPDFobject=\count292
\everyMPtoPDFconversion=\toks22
) (/usr/share/texlive/texmf-dist/tex/latex/epstopdf-pkg/epstopdf-base.sty
Package: epstopdf-base 2020-01-24 v2.11 Base part for package epstopdf
Package epstopdf-base Info: Redefining graphics rule for `.eps' on input line 4
85.

(/usr/share/texlive/texmf-dist/tex/latex/latexconfig/epstopdf-sys.cfg
File: epstopdf-sys.cfg 2010/07/13 v1.3 Configuration of (r)epstopdf for TeX Liv
e
))
Package hyperref Info: Link coloring ON on input line 13.

(./utr24.out) (./utr24.out)
\@outlinefile=\write4
\openout4 = `utr24.out'.


Overfull \hbox (10.35141pt too wide) in paragraph at lines 27--28
\T1/cmr/m/n/12 fore lex-i-cal anal-y-sis. The im-ple-men-ta-tion, uni/unicon/pr
eproce.icn,
 []


Overfull \hbox (2.67879pt too wide) in paragraph at lines 30--31
[]\T1/cmr/bx/n/12 Keywords: \T1/cmr/m/n/12 Uni-con, pre-pro-ces-sor, triple-quo
ted strings, function-
 []

LaTeX Font Info:    Trying to load font information for T1+cmtt on input line 3
5.
(/usr/share/texlive/texmf-dist/tex/latex/base/t1cmtt.fd
File: t1cmtt.fd 2023/04/13 v2.5m Standard LaTeX font definitions
)
LaTeX Font Info:    Font shape `T1/cmtt/bx/n' in size <14.4> not available
(Font)              Font shape `T1/cmtt/m/n' tried instead on input line 35.
LaTeX Font Info:    External font `cmex10' loaded for size
(Font)              <14.4> on input line 35.
LaTeX Font Info:    External font `cmex10' loaded for size
(Font)              <7> on input line 35.
 [1

{/var/lib/texmf/fonts/map/pdftex/updmap/pdftex.map}] [2]
Overfull \hbox (0.70544pt too wide) in paragraph at lines 76--77
\T1/cmr/m/n/12 Canonical source is \T1/cmtt/m/n/12 uni/unicon/preproce.icn\T1/c
mr/m/n/12 . \T1/cmtt/m/n/12 uni/parser/preproce.icn
 []


pdfTeX warning (ext4): destination with the same identifier (name{page.1}) has 
been already used, duplicate ignored
<to be read again> 
                   \relax 
l.77 
      [1]
Overfull \hbox (159.63272pt too wide) in alignment at lines 80--84
 [] [] 
 []


Overfull \hbox (159.63272pt too wide) in alignment at lines 84--88
 [] [] 
 []


Overfull \hbox (159.63272pt too wide) in alignment at lines 88--90
 [] [] 
 []


Overfull \hbox (159.63272pt too wide) in alignment at lines 90--92
 [] [] 
 []


Overfull \hbox (159.63272pt too wide) in alignment at lines 92--96
 [] [] 
 []


Overfull \hbox (280.23094pt too wide) in alignment at lines 106--110
 [] [] 
 []


Overfull \hbox (280.23094pt too wide) in alignment at lines 110--114
 [] [] 
 []


Overfull \hbox (280.23094pt too wide) in alignment at lines 114--116
 [] [] 
 []


Overfull \hbox (280.23094pt too wide) in alignment at lines 116--118
 [] [] 
 []


Overfull \hbox (280.23094pt too wide) in alignment at lines 118--134
 [] [] 
 []


pdfTeX warning (ext4): destination with the same identifier (name{page.2}) has 
been already used, duplicate ignored
<to be read again> 
                   \relax 
l.134 \end{longtable}
                      [2]
Overfull \hbox (8.854pt too wide) in paragraph at lines 154--156
[]\T1/cmtt/m/n/12 #line \T1/cmr/m/n/12 (op-tional spaces, GCC form) goes to \T1
/cmtt/m/n/12 preproc_scan_directive()\T1/cmr/m/n/12 . 
 []


Overfull \hbox (52.65163pt too wide) in paragraph at lines 172--173
[]\T1/cmtt/m/n/12 $define\T1/cmr/m/n/12 , \T1/cmtt/m/n/12 $undef\T1/cmr/m/n/12 
, \T1/cmtt/m/n/12 $include\T1/cmr/m/n/12 , and text ex-pan-sion run only when \
T1/cmtt/m/n/12 /preproc_if_state
 []

[3]
Overfull \hbox (46.6637pt too wide) in paragraph at lines 185--187
[]\T1/cmr/m/n/12 Looks up function-like macros be-fore object-like. A name in \
T1/cmtt/m/n/12 preproc_fun_table
 []


Overfull \hbox (18.8496pt too wide) in paragraph at lines 187--188
[]\T1/cmr/m/n/12 Rescans re-place-ments through \T1/cmtt/m/n/12 preproc_scan_te
xt(done_set)\T1/cmr/m/n/12 . \T1/cmtt/m/n/12 done_set
 []


Overfull \hbox (0.52087pt too wide) in paragraph at lines 195--196
\T1/cmtt/m/n/12 preproc_scan_directive() \T1/cmr/m/n/12 reads the com-mand with
 \T1/cmtt/m/n/12 preproc_word()\T1/cmr/m/n/12 . Un-
 []


Overfull \hbox (88.1735pt too wide) in paragraph at lines 195--196
\T1/cmr/m/n/12 known names in an ac-tive re-gion call \T1/cmtt/m/n/12 preproc_e
rror("unknown preprocessor directive")\T1/cmr/m/n/12 . 
 []


Overfull \hbox (10.23589pt too wide) in alignment at lines 197--201
 [] [] 
 []


Overfull \hbox (10.23589pt too wide) in alignment at lines 201--205
 [] [] 
 []


Overfull \hbox (10.23589pt too wide) in alignment at lines 205--207
 [] [] 
 []


Overfull \hbox (10.23589pt too wide) in alignment at lines 207--209
 [] [] 
 []


Overfull \hbox (10.23589pt too wide) in alignment at lines 209--220
 [] [] 
 []

[4] [5]
Overfull \hbox (44.92227pt too wide) in paragraph at lines 286--287
[]\T1/cmtt/m/n/12 preproc_rewrite_triple_strings() \T1/cmr/m/n/12 runs at the s
tart of \T1/cmtt/m/n/12 preproc_scan_text()\T1/cmr/m/n/12 ,
 []


Overfull \hbox (11.24086pt too wide) in paragraph at lines 289--290
[]\T1/cmr/m/n/12 The body is turned into one or-di-nary string with \T1/cmtt/m/
n/12 preproc_quote_string()\T1/cmr/m/n/12 :
 []


Overfull \hbox (16.45769pt too wide) in paragraph at lines 289--290
\T1/cmr/m/n/12 quote es-caped, other C0 bytes as three-digit oc-tal via \T1/cmt
t/m/n/12 preproc_octal_escape()\T1/cmr/m/n/12 .
 []


Overfull \hbox (91.21295pt too wide) in paragraph at lines 292--293
[]\T1/cmr/m/n/12 Tests: \T1/cmtt/m/n/12 tests/unicon/triple_strings.icn\T1/cmr/
m/n/12 , \T1/cmtt/m/n/12 tests/unicon/stand/triple_strings.std\T1/cmr/m/n/12 . 

 []

[6]
Overfull \hbox (13.10106pt too wide) in paragraph at lines 344--345
[]\T1/cmr/m/n/12 On \T1/cmtt/m/n/12 $define\T1/cmr/m/n/12 , \T1/cmtt/m/n/12 ( \
T1/cmr/m/n/12 must fol-low the name im-me-di-ately. \T1/cmtt/m/n/12 $define SUM
 (a,b) ...
 []

[7]
Overfull \hbox (18.21376pt too wide) in paragraph at lines 350--351
\T1/cmr/m/n/12 ends with \T1/cmtt/m/n/12 \ \T1/cmr/m/n/12 as the very last char
-ac-ter (no trim). \T1/cmtt/m/n/12 preproc_scan_define_value()
 []


Overfull \hbox (52.97377pt too wide) in paragraph at lines 350--351
\T1/cmr/m/n/12 same \T1/cmtt/m/n/12 \ \T1/cmr/m/n/12 rule ap-plies to object-li
ke \T1/cmtt/m/n/12 $define \T1/cmr/m/n/12 val-ues (\T1/cmtt/m/n/12 macros_defin
e_continuation.icn\T1/cmr/m/n/12 ).
 []


Overfull \hbox (87.26439pt too wide) in paragraph at lines 372--373
[]\T1/cmr/m/n/12 A call \T1/cmtt/m/n/12 NAME(arg1, ...) \T1/cmr/m/n/12 may span
 phys-i-cal lines with-out \T1/cmtt/m/n/12 \\T1/cmr/m/n/12 . \T1/cmtt/m/n/12 pr
eproc_scan_macro_args()
 []


Overfull \hbox (68.8337pt too wide) in paragraph at lines 372--373
\T1/cmr/m/n/12 back-slash in-side a call is or-di-nary ar-gu-ment text (\T1/cmt
t/m/n/12 macros_call_backslash_literal.icn\T1/cmr/m/n/12 ),
 []


Overfull \hbox (168.826pt too wide) in paragraph at lines 378--379
\T1/cmr/m/n/12 match (\T1/cmtt/m/n/12 wrong number of args in macro call to NAM
E\T1/cmr/m/n/12 ). Un-closed \T1/cmtt/m/n/12 ( \T1/cmr/m/n/12 is \T1/cmtt/m/n/1
2 unterminated macro invocation\T1/cmr/m/n/12 .
 []

[8]
Overfull \hbox (69.57802pt too wide) in paragraph at lines 381--382
\T1/cmr/m/n/12 ca-tion line, not each phys-i-cal line of the def-i-ni-tion (\T1
/cmtt/m/n/12 macros_define_multiline_line.icn\T1/cmr/m/n/12 ). 
 []

[9]
Overfull \hbox (22.06879pt too wide) in paragraph at lines 437--438
[]\T1/cmtt/m/n/12 $undef assert \T1/cmr/m/n/12 then \T1/cmtt/m/n/12 $define ass
ert(...) \T1/cmr/m/n/12 re-places the builtin; \T1/cmtt/m/n/12 macros.icn
 []


Overfull \hbox (171.6035pt too wide) in paragraph at lines 440--441
[]\T1/cmr/m/n/12 Tests: \T1/cmtt/m/n/12 tests/unicon/macros.icn\T1/cmr/m/n/12 ;
 \T1/cmtt/m/n/12 macros_multiline_line.icn\T1/cmr/m/n/12 , \T1/cmtt/m/n/12 macr
os_define_multiline_line.icn\T1/cmr/m/n/12 ,
 []


Overfull \hbox (8.32771pt too wide) in paragraph at lines 440--441
\T1/cmtt/m/n/12 macros_define_continuation.icn\T1/cmr/m/n/12 , \T1/cmtt/m/n/12 
macros_call_backslash_literal.icn\T1/cmr/m/n/12 ;
 []


Overfull \hbox (89.46213pt too wide) in paragraph at lines 440--441
\T1/cmr/m/n/12 neg-a-tives un-der \T1/cmtt/m/n/12 tests/unicon/data/macros_bad_
*.icn \T1/cmr/m/n/12 and \T1/cmtt/m/n/12 macros_bad_define_eof*.icn\T1/cmr/m/n/
12 . 
 []

LaTeX Font Info:    Font shape `T1/cmtt/bx/n' in size <17.28> not available
(Font)              Font shape `T1/cmtt/m/n' tried instead on input line 442.

Overfull \hbox (0.94902pt too wide) in paragraph at lines 445--446
\T1/cmtt/m/n/12 preproc_fun_table \T1/cmr/m/n/12 as place-holder \T1/cmtt/m/n/1
2 preproc_fmacro \T1/cmr/m/n/12 records and marks them
 []


Overfull \hbox (9.97679pt too wide) in paragraph at lines 445--446
\T1/cmr/m/n/12 in \T1/cmtt/m/n/12 preproc_builtin_fun_table\T1/cmr/m/n/12 . Ex-
pan-sion is not \T1/cmtt/m/n/12 preproc_subst_fmacro()\T1/cmr/m/n/12 :
 []


Overfull \hbox (23.8002pt too wide) in paragraph at lines 448--449
[]\T1/cmr/m/n/12 Semantics fol-low Uni-con suc-cess and fail-ure, not Boolean t
ruth: \T1/cmtt/m/n/12 assert(expr)
 []


Overfull \hbox (175.40811pt too wide) in alignment at lines 450--454
 [] [] [] 
 []


Overfull \hbox (175.40811pt too wide) in alignment at lines 454--458
 [] [] [] 
 []


Overfull \hbox (175.40811pt too wide) in alignment at lines 458--460
 [] [] [] 
 []


Overfull \hbox (175.40811pt too wide) in alignment at lines 460--462
 [] [] [] 
 []


Overfull \hbox (175.40811pt too wide) in alignment at lines 462--466
 [] [] [] 
 []

[10]
Overfull \hbox (1.50397pt too wide) in paragraph at lines 469--470
\T1/cmr/m/n/12 wins. \T1/cmtt/m/n/12 preproc_new() \T1/cmr/m/n/12 and a later \
T1/cmtt/m/n/12 $define __test__ \T1/cmr/m/n/12 both de-fault \T1/cmtt/m/n/12 __
debug__
 []


Overfull \hbox (21.69966pt too wide) in paragraph at lines 475--476
\T1/cmtt/m/n/12 assertion failed \T1/cmr/m/n/12 (\T1/cmtt/m/n/12 data.r\T1/cmr/
m/n/12 ). \T1/cmtt/m/n/12 errmsg.r \T1/cmr/m/n/12 skips the or-di-nary \T1/cmtt
/m/n/12 Run-time error 219
 []


Overfull \hbox (44.92622pt too wide) in paragraph at lines 475--476
\T1/cmr/m/n/12 ban-ner and the offending- value line; it prints \T1/cmtt/m/n/12
 [file:line] assertion failed: ...\T1/cmr/m/n/12 . 
 []

[11] [12]
Overfull \hbox (57.66707pt too wide) in paragraph at lines 569--570
\T1/cmr/m/n/12 frames down), \T1/cmtt/m/n/12 assert_testing.icn\T1/cmr/m/n/12 ,
 \T1/cmtt/m/n/12 assert_strip.icn\T1/cmr/m/n/12 , \T1/cmtt/m/n/12 assert_failin
g_label.icn\T1/cmr/m/n/12 ,
 []


Overfull \hbox (15.36209pt too wide) in paragraph at lines 592--593
\T1/cmr/m/n/12 or the gap is large; for small gaps it may emit blank lines. \T1
/cmtt/m/n/12 preproc_scan_text()
 []


Overfull \hbox (4.44527pt too wide) in paragraph at lines 595--596
[]\T1/cmtt/m/n/12 preproc_error(msg) \T1/cmr/m/n/12 builds \T1/cmtt/m/n/12 File
 ...; Line N # $directive: ...\T1/cmr/m/n/12 , in-
 []


Overfull \hbox (8.80406pt too wide) in paragraph at lines 595--596
\T1/cmr/m/n/12 cre-ments \T1/cmtt/m/n/12 preproc_err_count\T1/cmr/m/n/12 , and 
pushes a \T1/cmtt/m/n/12 ParseError \T1/cmr/m/n/12 onto \T1/cmtt/m/n/12 parsing
Errors\T1/cmr/m/n/12 . 
 []

[13]
Overfull \hbox (118.52315pt too wide) in alignment at lines 610--614
 [] [] 
 []


Overfull \hbox (118.52315pt too wide) in alignment at lines 614--618
 [] [] 
 []


Overfull \hbox (118.52315pt too wide) in alignment at lines 618--620
 [] [] 
 []


Overfull \hbox (118.52315pt too wide) in alignment at lines 620--622
 [] [] 
 []


Overfull \hbox (118.52315pt too wide) in alignment at lines 622--629
 [] [] 
 []


Overfull \hbox (17.37418pt too wide) in paragraph at lines 637--638
[]\T1/cmr/m/n/12 If the fea-ture reads ex-tra lines or changes out-put length, 
check \T1/cmtt/m/n/12 preproc_line\T1/cmr/m/n/12 ,
 []


Overfull \hbox (61.22966pt too wide) in paragraph at lines 637--638
\T1/cmr/m/n/12 emit-ted \T1/cmtt/m/n/12 #line \T1/cmr/m/n/12 stream. Mul-ti-ple
 \T1/cmtt/m/n/12 suspend\T1/cmr/m/n/12 s per in-put line must leave \T1/cmtt/m/
n/12 preproc_print_line
 []

[14]
Overfull \hbox (10.13985pt too wide) in paragraph at lines 650--651
\T1/cmr/m/n/12 After \T1/cmtt/m/n/12 preproc_command := preproc_word()\T1/cmr/m
/n/12 , the \T1/cmtt/m/n/12 case preproc_command of
 []


Overfull \hbox (109.59045pt too wide) in paragraph at lines 662--663
[]\T1/cmr/m/n/12 Unknown names still hit \T1/cmtt/m/n/12 default \T1/cmr/m/n/12
 and \T1/cmtt/m/n/12 preproc_error("unknown preprocessor directive")
 []


Overfull \hbox (35.44211pt too wide) in alignment at lines 666--670
 [] [] 
 []


Overfull \hbox (35.44211pt too wide) in alignment at lines 670--674
 [] [] 
 []


Overfull \hbox (35.44211pt too wide) in alignment at lines 674--676
 [] [] 
 []


Overfull \hbox (35.44211pt too wide) in alignment at lines 676--678
 [] [] 
 []


Overfull \hbox (35.44211pt too wide) in alignment at lines 678--682
 [] [] 
 []


Underfull \hbox (badness 4779) in paragraph at lines 691--692
[]\T1/cmr/m/n/12 Clinton Jef-fery. "How to Write a Uni-con Tech-ni-cal Re-port"
.
 []

[15]
Underfull \hbox (badness 10000) in paragraph at lines 706--707
[]\T1/cmr/m/n/12 The lib-ssh Project. "lib-ssh -- The SSH Li-brary".
 []


Underfull \hbox (badness 1072) in paragraph at lines 712--713
[]\T1/cmr/m/n/12 The OpenSSL Project. "OpenSSL -- Cryp-tog-ra-phy and SSL/TLS
 []

[16] [17] (./utr24.aux)
 ***********
LaTeX2e <2023-11-01> patch level 1
L3 programming layer <2024-01-22>
 ***********
Package rerunfilecheck Info: File `utr24.out' has not changed.
(rerunfilecheck)             Checksum: 0CB2329342BBCE3363B5EADB7C164C24;3329.
 ) 
Here is how much of TeX's memory you used:
 9814 strings out of 476182
 150905 string characters out of 5795595
 1932975 words of memory out of 5000000
 31642 multiletter control sequences out of 15000+600000
 568501 words of font info for 55 fonts, out of 8000000 for 9000
 14 hyphenation exceptions out of 8191
 75i,6n,79p,794b,652s stack positions out of 10000i,1000n,20000p,200000b,200000s
 </home/runner/.texlive2023/texmf-var/fonts/pk/ljfour/jknappen/ec/ectt1728.60
0pk> </home/runner/.texlive2023/texmf-var/fonts/pk/ljfour/jknappen/ec/tcrm1200.
600pk> </home/runner/.texlive2023/texmf-var/fonts/pk/ljfour/jknappen/ec/ectt109
5.600pk> </home/runner/.texlive2023/texmf-var/fonts/pk/ljfour/jknappen/ec/ecti1
200.600pk> </home/runner/.texlive2023/texmf-var/fonts/pk/ljfour/jknappen/ec/ect
t1200.600pk> </home/runner/.texlive2023/texmf-var/fonts/pk/ljfour/jknappen/ec/e
cbx1728.600pk> </home/runner/.texlive2023/texmf-var/fonts/pk/ljfour/jknappen/ec
/ectt1440.600pk> </home/runner/.texlive2023/texmf-var/fonts/pk/ljfour/jknappen/
ec/ecrm1200.600pk> </home/runner/.texlive2023/texmf-var/fonts/pk/ljfour/jknappe
n/ec/ecbx1200.600pk> </home/runner/.texlive2023/texmf-var/fonts/pk/ljfour/jknap
pen/ec/ecbx1440.600pk> </home/runner/.texlive2023/texmf-var/fonts/pk/ljfour/jkn
appen/ec/ecbx2074.600pk>
Output written on utr24.pdf (19 pages, 158010 bytes).
PDF statistics:
 651 PDF objects out of 1000 (max. 8388607)
 236 compressed objects within 3 object streams
 68 named destinations out of 1000 (max. 500000)
 161 words of extra memory for PDF output out of 10000 (max. 10000000)

