\BOOKMARK [1][-]{section.1}{\376\377\0001\000.\000\040\000I\000n\000t\000r\000o\000d\000u\000c\000t\000i\000o\000n}{}% 1
\BOOKMARK [1][-]{section.2}{\376\377\0002\000.\000\040\000M\000o\000t\000i\000v\000a\000t\000i\000o\000n\000\040\000a\000n\000d\000\040\000p\000r\000i\000o\000r\000\040\000a\000r\000t}{}% 2
\BOOKMARK [1][-]{section.3}{\376\377\0003\000.\000\040\000A\000r\000c\000h\000i\000t\000e\000c\000t\000u\000r\000e}{}% 3
\BOOKMARK [2][-]{subsection.3.1}{\376\377\0003\000.\0001\000\040\000P\000u\000b\000l\000i\000c\000\040\000p\000r\000o\000c\000e\000d\000u\000r\000e\000s}{section.3}% 4
\BOOKMARK [2][-]{subsection.3.2}{\376\377\0003\000.\0002\000\040\000S\000t\000a\000t\000e}{section.3}% 5
\BOOKMARK [2][-]{subsection.3.3}{\376\377\0003\000.\0003\000\040\000D\000r\000i\000v\000e\000r}{section.3}% 6
\BOOKMARK [2][-]{subsection.3.4}{\376\377\0003\000.\0004\000\040\000C\000o\000n\000d\000i\000t\000i\000o\000n\000a\000l\000\040\000c\000o\000m\000p\000i\000l\000a\000t\000i\000o\000n}{section.3}% 7
\BOOKMARK [2][-]{subsection.3.5}{\376\377\0003\000.\0005\000\040\000T\000e\000x\000t\000\040\000s\000c\000a\000n\000\040\000o\000r\000d\000e\000r}{section.3}% 8
\BOOKMARK [1][-]{section.4}{\376\377\0004\000.\000\040\000D\000i\000r\000e\000c\000t\000i\000v\000e\000s}{}% 9
\BOOKMARK [1][-]{section.5}{\376\377\0005\000.\000\040\000T\000r\000i\000p\000l\000e\000-\000q\000u\000o\000t\000e\000d\000\040\000m\000u\000l\000t\000i\000l\000i\000n\000e\000\040\000s\000t\000r\000i\000n\000g\000s}{}% 10
\BOOKMARK [1][-]{section.6}{\376\377\0006\000.\000\040\000F\000u\000n\000c\000t\000i\000o\000n\000-\000l\000i\000k\000e\000\040\000m\000a\000c\000r\000o\000s}{}% 11
\BOOKMARK [1][-]{section.7}{\376\377\0007\000.\000\040\000B\000u\000i\000l\000t\000-\000i\000n\000\040\000a\000s\000s\000e\000r\000t\000\040\000a\000n\000d\000\040\000a\000s\000s\000e\000r\000t\000\137\000n\000o\000t}{}% 12
\BOOKMARK [1][-]{section.8}{\376\377\0008\000.\000\040\000L\000i\000n\000e\000\040\000n\000u\000m\000b\000e\000r\000s\000,\000\040\000e\000r\000r\000o\000r\000s\000,\000\040\000a\000n\000d\000\040\000i\000n\000c\000l\000u\000d\000e\000s}{}% 13
\BOOKMARK [1][-]{section.9}{\376\377\0009\000.\000\040\000E\000x\000t\000e\000n\000d\000i\000n\000g\000\040\000t\000h\000e\000\040\000p\000r\000e\000p\000r\000o\000c\000e\000s\000s\000o\000r}{}% 14
\BOOKMARK [2][-]{subsection.9.1}{\376\377\0009\000.\0001\000\040\000K\000i\000n\000d\000\040\000a\000n\000d\000\040\000t\000o\000u\000c\000h\000p\000o\000i\000n\000t\000s}{section.9}% 15
\BOOKMARK [2][-]{subsection.9.2}{\376\377\0009\000.\0002\000\040\000G\000u\000a\000r\000d\000s\000\040\000a\000n\000d\000\040\000l\000i\000n\000e\000\040\000a\000c\000c\000o\000u\000n\000t\000i\000n\000g}{section.9}% 16
\BOOKMARK [2][-]{subsection.9.3}{\376\377\0009\000.\0003\000\040\000E\000r\000r\000o\000r\000s\000\040\000a\000n\000d\000\040\000t\000e\000s\000t\000s}{section.9}% 17
\BOOKMARK [2][-]{subsection.9.4}{\376\377\0009\000.\0004\000\040\000N\000e\000w\000\040\000\044\000\040\000d\000i\000r\000e\000c\000t\000i\000v\000e}{section.9}% 18
\BOOKMARK [1][-]{section.10}{\376\377\0001\0000\000.\000\040\000R\000e\000l\000a\000t\000e\000d\000\040\000d\000o\000c\000u\000m\000e\000n\000t\000s}{}% 19
\BOOKMARK [1][-]{section.11}{\376\377\000R\000e\000f\000e\000r\000e\000n\000c\000e\000s}{}% 20
